Please see our Final Write File for screenshots of our tests passing.
